export const snapshot = {};

snapshot[`snapshot test all of the merge options > merge, should generate the correct git commands, should end on target branch 1`] = `
[
  'git log -1 --pretty=format:"%H|%s|%ci" main',
  "git checkout feature",
  "git branch --show-current",
  "git pull origin success",
  "git checkout main",
  "git branch --show-current",
  "git pull origin success",
  'git config user.name "Deployment Test"',
  'git config user.email "test@test.com"',
  "git checkout main",
  'git merge feature -m "Merge pull request #123 from feature" -m "" --no-ff',
  'git log --pretty=format:"%H|%s|%ci" success..HEAD',
]
`;

snapshot[`snapshot test all of the merge options > squash, should generate the correct git commands, should end on target branch 1`] = `
[
  'git log -1 --pretty=format:"%H|%s|%ci" main',
  "git checkout feature",
  "git branch --show-current",
  "git pull origin success",
  "git checkout main",
  "git branch --show-current",
  "git pull origin success",
  'git config user.name "Deployment Test"',
  'git config user.email "test@test.com"',
  "git checkout feature",
  "git rebase main",
  "git rev-list --count main..feature",
  "git reset --soft HEAD~3",
  'git commit -m "title-here" -m "message-here"',
  "git checkout main",
  'git merge feature -m "title-here" -m "message-here" --ff-only',
  'git log --pretty=format:"%H|%s|%ci" success..HEAD',
]
`;

snapshot[`snapshot test all of the merge options > rebase, should generate the correct git commands, should end on target branch 1`] = `
[
  'git log -1 --pretty=format:"%H|%s|%ci" main',
  "git checkout feature",
  "git branch --show-current",
  "git pull origin success",
  "git checkout main",
  "git branch --show-current",
  "git pull origin success",
  'git config user.name "Deployment Test"',
  'git config user.email "test@test.com"',
  "git checkout feature",
  "git rebase main",
  "git checkout main",
  'git merge feature -m "title-here" -m "message-here" --ff-only',
  'git log --pretty=format:"%H|%s|%ci" success..HEAD',
]
`;
